
Dev@DESKTOP-E8U4REL MINGW64 /c/xampp/htdocs/atypical
$ git init
Initialized empty Git repository in C:/xampp/htdocs/atypical/.git/

Dev@DESKTOP-E8U4REL MINGW64 /c/xampp/htdocs/atypical (master)
$ git push
fatal: No configured push destination.
Either specify the URL from the command-line or configure a remote repository using

    git remote add <name> <url>

and then push using the remote name

    git push <name>


Dev@DESKTOP-E8U4REL MINGW64 /c/xampp/htdocs/atypical (master)
$ git remote add origin https://github.com/johnhiguwww/atypical

Dev@DESKTOP-E8U4REL MINGW64 /c/xampp/htdocs/atypical (master)
$ git push
fatal: The current branch master has no upstream branch.
To push the current branch and set the remote as upstream, use

    git push --set-upstream origin master


Dev@DESKTOP-E8U4REL MINGW64 /c/xampp/htdocs/atypical (master)
$ git push --set-upstream origin master
error: src refspec master does not match any
error: failed to push some refs to 'https://github.com/johnhiguwww/atypical'

Dev@DESKTOP-E8U4REL MINGW64 /c/xampp/htdocs/atypical (master)
$ git remote add origin https://github.com/johnhiguwww/atypical
error: remote origin already exists.

Dev@DESKTOP-E8U4REL MINGW64 /c/xampp/htdocs/atypical (master)
$ git push
fatal: The current branch master has no upstream branch.
To push the current branch and set the remote as upstream, use

    git push --set-upstream origin master


Dev@DESKTOP-E8U4REL MINGW64 /c/xampp/htdocs/atypical (master)
$ ^C

Dev@DESKTOP-E8U4REL MINGW64 /c/xampp/htdocs/atypical (master)
$ git push --set-upstream origin master
error: src refspec master does not match any
error: failed to push some refs to 'https://github.com/johnhiguwww/atypical'

Dev@DESKTOP-E8U4REL MINGW64 /c/xampp/htdocs/atypical (master)
$ git commit -m "commit inicial 2.0"
On branch master

Initial commit

Untracked files:
  (use "git add <file>..." to include in what will be committed)
        alison.php
        assets/
        atypical2.1.zip
        cadastrocrianca.php
        crianca.php
        fotoevideohiperfoco.js
        index.php

nothing added to commit but untracked files present (use "git add" to track)

Dev@DESKTOP-E8U4REL MINGW64 /c/xampp/htdocs/atypical (master)
$ git add -A

Dev@DESKTOP-E8U4REL MINGW64 /c/xampp/htdocs/atypical (master)
$ git status
On branch master

No commits yet

Changes to be committed:
  (use "git rm --cached <file>..." to unstage)
        new file:   alison.php
        new file:   assets/img/fundo0.3.png
        new file:   assets/img/fundo0.4.png
        new file:   assets/img/fundo0.5.png
        new file:   assets/img/fundoTrello.png
        new file:   assets/img/fundoTrello2.png
        new file:   assets/img/fundo_0.2.png
        new file:   assets/img/iconTrello1.png
        new file:   assets/img/iconTrello2.png
        new file:   assets/img/iconpq.png
        new file:   assets/img/pingelo.png
        new file:   assets/styles/style.css
        new file:   atypical2.1.zip
        new file:   cadastrocrianca.php
        new file:   crianca.php
        new file:   fotoevideohiperfoco.js
        new file:   index.php


Dev@DESKTOP-E8U4REL MINGW64 /c/xampp/htdocs/atypical (master)
$ git commit -m "commit inicial 2.0"
[master (root-commit) fce1bf9] commit inicial 2.0
 17 files changed, 254 insertions(+)
 create mode 100644 alison.php
 create mode 100644 assets/img/fundo0.3.png
 create mode 100644 assets/img/fundo0.4.png
 create mode 100644 assets/img/fundo0.5.png
 create mode 100644 assets/img/fundoTrello.png
 create mode 100644 assets/img/fundoTrello2.png
 create mode 100644 assets/img/fundo_0.2.png
 create mode 100644 assets/img/iconTrello1.png
 create mode 100644 assets/img/iconTrello2.png
 create mode 100644 assets/img/iconpq.png
 create mode 100644 assets/img/pingelo.png
 create mode 100644 assets/styles/style.css
 create mode 100644 atypical2.1.zip
 create mode 100644 cadastrocrianca.php
 create mode 100644 crianca.php
 create mode 100644 fotoevideohiperfoco.js
 create mode 100644 index.php

Dev@DESKTOP-E8U4REL MINGW64 /c/xampp/htdocs/atypical (master)
$ git push --set-upstream origin master
Enumerating objects: 20, done.
Counting objects: 100% (20/20), done.
Delta compression using up to 8 threads
Compressing objects: 100% (18/18), done.
Writing objects: 100% (20/20), 17.78 MiB | 7.17 MiB/s, done.
Total 20 (delta 1), reused 0 (delta 0), pack-reused 0
remote: Resolving deltas: 100% (1/1), done.
To https://github.com/johnhiguwww/atypical
 * [new branch]      master -> master
Branch 'master' set up to track remote branch 'master' from 'origin'.

Dev@DESKTOP-E8U4REL MINGW64 /c/xampp/htdocs/atypical (master)
$ git commit -m "commit inicial 2.1"
On branch master
Your branch is up to date with 'origin/master'.

Changes not staged for commit:
  (use "git add <file>..." to update what will be committed)
  (use "git restore <file>..." to discard changes in working directory)
        modified:   alison.php
        modified:   cadastrocrianca.php

no changes added to commit (use "git add" and/or "git commit -a")

Dev@DESKTOP-E8U4REL MINGW64 /c/xampp/htdocs/atypical (master)
$ git add -A

Dev@DESKTOP-E8U4REL MINGW64 /c/xampp/htdocs/atypical (master)
$ git status
On branch master
Your branch is up to date with 'origin/master'.

Changes to be committed:
  (use "git restore --staged <file>..." to unstage)
        modified:   alison.php
        modified:   cadastrocrianca.php


Dev@DESKTOP-E8U4REL MINGW64 /c/xampp/htdocs/atypical (master)
$ git commit -m "commit inicial 2.1"
[master e8ccbe4] commit inicial 2.1
 2 files changed, 113 insertions(+), 62 deletions(-)
 rewrite alison.php (69%)

Dev@DESKTOP-E8U4REL MINGW64 /c/xampp/htdocs/atypical (master)
$ git push --set-upstream origin master
Enumerating objects: 7, done.
Counting objects: 100% (7/7), done.
Delta compression using up to 8 threads
Compressing objects: 100% (4/4), done.
Writing objects: 100% (4/4), 1.31 KiB | 1.31 MiB/s, done.
Total 4 (delta 2), reused 0 (delta 0), pack-reused 0
remote: Resolving deltas: 100% (2/2), completed with 2 local objects.
To https://github.com/johnhiguwww/atypical
   fce1bf9..e8ccbe4  master -> master
Branch 'master' set up to track remote branch 'master' from 'origin'.

